#-----------------------------------------------------------
# Vivado v2024.1 (64-bit)
# SW Build 5076996 on Wed May 22 18:37:14 MDT 2024
# IP Build 5075265 on Wed May 22 21:45:21 MDT 2024
# SharedData Build 5076995 on Wed May 22 18:29:18 MDT 2024
# Start of session at: Tue Nov 19 10:40:14 2024
# Process ID: 12596
# Current directory: C:/FPGA_project/my_UART_rx/my_UART_rx.runs/synth_1
# Command line: vivado.exe -log UART_RX.vds -product Vivado -mode batch -messageDb vivado.pb -notrace -source UART_RX.tcl
# Log file: C:/FPGA_project/my_UART_rx/my_UART_rx.runs/synth_1/UART_RX.vds
# Journal file: C:/FPGA_project/my_UART_rx/my_UART_rx.runs/synth_1\vivado.jou
# Running On        :COMSYS01
# Platform          :Windows Server 2016 or Windows 10
# Operating System  :22631
# Processor Detail  :13th Gen Intel(R) Core(TM) i7-13700
# CPU Frequency     :2112 MHz
# CPU Physical cores:16
# CPU Logical cores :24
# Host memory       :34020 MB
# Swap memory       :36507 MB
# Total Virtual     :70527 MB
# Available Virtual :56764 MB
#-----------------------------------------------------------
source UART_RX.tcl -notrace
